#select
| tst.js:243:9:243:31 | s().rep ... ]/g,'') | tst.js:243:9:243:31 | s().rep ... ]/g,'') | tst.js:243:9:243:31 | s().rep ... ]/g,'') | Cross-site scripting vulnerability as the output of $@ may contain double quotes when it reaches this attribute definition. | tst.js:243:9:243:31 | s().rep ... ]/g,'') | this final HTML sanitizer step |
| tst.js:244:9:244:33 | s().rep ... /g, '') | tst.js:244:9:244:33 | s().rep ... /g, '') | tst.js:244:9:244:33 | s().rep ... /g, '') | Cross-site scripting vulnerability as the output of $@ may contain double quotes when it reaches this attribute definition. | tst.js:244:9:244:33 | s().rep ... /g, '') | this final HTML sanitizer step |
| tst.js:249:9:249:33 | s().rep ... ]/g,'') | tst.js:249:9:249:33 | s().rep ... ]/g,'') | tst.js:249:9:249:33 | s().rep ... ]/g,'') | Cross-site scripting vulnerability as the output of $@ may contain double quotes when it reaches this attribute definition. | tst.js:249:9:249:33 | s().rep ... ]/g,'') | this final HTML sanitizer step |
| tst.js:250:9:250:33 | s().rep ... ]/g,'') | tst.js:250:9:250:33 | s().rep ... ]/g,'') | tst.js:250:9:250:33 | s().rep ... ]/g,'') | Cross-site scripting vulnerability as the output of $@ may contain single quotes when it reaches this attribute definition. | tst.js:250:9:250:33 | s().rep ... ]/g,'') | this final HTML sanitizer step |
| tst.js:253:21:253:45 | s().rep ... /g, '') | tst.js:253:21:253:45 | s().rep ... /g, '') | tst.js:253:21:253:45 | s().rep ... /g, '') | Cross-site scripting vulnerability as the output of $@ may contain ampersands or double quotes when it reaches this attribute definition. | tst.js:253:21:253:45 | s().rep ... /g, '') | this final HTML sanitizer step |
| tst.js:254:32:254:56 | s().rep ... /g, '') | tst.js:254:32:254:56 | s().rep ... /g, '') | tst.js:254:32:254:56 | s().rep ... /g, '') | Cross-site scripting vulnerability as the output of $@ may contain ampersands or double quotes when it reaches this attribute definition. | tst.js:254:32:254:56 | s().rep ... /g, '') | this final HTML sanitizer step |
| tst.js:270:61:270:85 | s().rep ... /g, '') | tst.js:270:61:270:85 | s().rep ... /g, '') | tst.js:270:61:270:85 | s().rep ... /g, '') | Cross-site scripting vulnerability as the output of $@ may contain ampersands or double quotes when it reaches this attribute definition. | tst.js:270:61:270:85 | s().rep ... /g, '') | this final HTML sanitizer step |
| tst.js:275:9:275:21 | arr.join(" ") | tst.js:274:12:274:94 | s().val ... g , '') | tst.js:275:9:275:21 | arr.join(" ") | Cross-site scripting vulnerability as the output of $@ may contain double quotes when it reaches this attribute definition. | tst.js:274:12:274:94 | s().val ... g , '') | this final HTML sanitizer step |
| tst.js:300:10:300:33 | s().rep ... ]/g,'') | tst.js:300:10:300:33 | s().rep ... ]/g,'') | tst.js:300:10:300:33 | s().rep ... ]/g,'') | Cross-site scripting vulnerability as the output of $@ may contain single quotes when it reaches this attribute definition. | tst.js:300:10:300:33 | s().rep ... ]/g,'') | this final HTML sanitizer step |
| tst.js:301:10:301:32 | s().rep ... ]/g,'') | tst.js:301:10:301:32 | s().rep ... ]/g,'') | tst.js:301:10:301:32 | s().rep ... ]/g,'') | Cross-site scripting vulnerability as the output of $@ may contain single quotes when it reaches this attribute definition. | tst.js:301:10:301:32 | s().rep ... ]/g,'') | this final HTML sanitizer step |
| tst.js:302:10:302:34 | s().rep ... ]/g,'') | tst.js:302:10:302:34 | s().rep ... ]/g,'') | tst.js:302:10:302:34 | s().rep ... ]/g,'') | Cross-site scripting vulnerability as the output of $@ may contain single quotes when it reaches this attribute definition. | tst.js:302:10:302:34 | s().rep ... ]/g,'') | this final HTML sanitizer step |
| tst.js:303:10:303:34 | s().rep ... /g, '') | tst.js:303:10:303:34 | s().rep ... /g, '') | tst.js:303:10:303:34 | s().rep ... /g, '') | Cross-site scripting vulnerability as the output of $@ may contain single quotes when it reaches this attribute definition. | tst.js:303:10:303:34 | s().rep ... /g, '') | this final HTML sanitizer step |
| tst.js:309:10:318:3 | s().rep ... ;";\\n\\t}) | tst.js:309:10:318:3 | s().rep ... ;";\\n\\t}) | tst.js:309:10:318:3 | s().rep ... ;";\\n\\t}) | Cross-site scripting vulnerability as the output of $@ may contain single quotes when it reaches this attribute definition. | tst.js:309:10:318:3 | s().rep ... ;";\\n\\t}) | this final HTML sanitizer step |
edges
| tst.js:274:6:274:94 | arr | tst.js:275:9:275:11 | arr | provenance |  |
| tst.js:274:12:274:94 | s().val ... g , '') | tst.js:274:6:274:94 | arr | provenance |  |
| tst.js:275:9:275:11 | arr | tst.js:275:9:275:21 | arr.join(" ") | provenance |  |
nodes
| tst.js:243:9:243:31 | s().rep ... ]/g,'') | semmle.label | s().rep ... ]/g,'') |
| tst.js:244:9:244:33 | s().rep ... /g, '') | semmle.label | s().rep ... /g, '') |
| tst.js:249:9:249:33 | s().rep ... ]/g,'') | semmle.label | s().rep ... ]/g,'') |
| tst.js:250:9:250:33 | s().rep ... ]/g,'') | semmle.label | s().rep ... ]/g,'') |
| tst.js:253:21:253:45 | s().rep ... /g, '') | semmle.label | s().rep ... /g, '') |
| tst.js:254:32:254:56 | s().rep ... /g, '') | semmle.label | s().rep ... /g, '') |
| tst.js:270:61:270:85 | s().rep ... /g, '') | semmle.label | s().rep ... /g, '') |
| tst.js:274:6:274:94 | arr | semmle.label | arr |
| tst.js:274:12:274:94 | s().val ... g , '') | semmle.label | s().val ... g , '') |
| tst.js:275:9:275:11 | arr | semmle.label | arr |
| tst.js:275:9:275:21 | arr.join(" ") | semmle.label | arr.join(" ") |
| tst.js:300:10:300:33 | s().rep ... ]/g,'') | semmle.label | s().rep ... ]/g,'') |
| tst.js:301:10:301:32 | s().rep ... ]/g,'') | semmle.label | s().rep ... ]/g,'') |
| tst.js:302:10:302:34 | s().rep ... ]/g,'') | semmle.label | s().rep ... ]/g,'') |
| tst.js:303:10:303:34 | s().rep ... /g, '') | semmle.label | s().rep ... /g, '') |
| tst.js:309:10:318:3 | s().rep ... ;";\\n\\t}) | semmle.label | s().rep ... ;";\\n\\t}) |
subpaths
testFailures
| UnsafeHtmlExpansion.js:9:5:9:14 | // $ Alert | Missing result: Alert |
| UnsafeHtmlExpansion.js:10:71:10:80 | // $ Alert | Missing result: Alert |
| UnsafeHtmlExpansion.js:16:5:16:14 | // $ Alert | Missing result: Alert |
| UnsafeHtmlExpansion.js:17:51:17:60 | // $ Alert | Missing result: Alert |
| UnsafeHtmlExpansion.js:23:5:23:14 | // $ Alert | Missing result: Alert |
| UnsafeHtmlExpansion.js:24:52:24:61 | // $ Alert | Missing result: Alert |
| UnsafeHtmlExpansion.js:26:42:26:51 | // $ Alert | Missing result: Alert |
| UnsafeHtmlExpansion.js:30:40:30:49 | // $ Alert | Missing result: Alert |
| UnsafeHtmlExpansion.js:35:47:35:96 | // $ Al ...  string | Missing result: Alert |
| tst-multi-character-sanitization.js:3:60:3:69 | // $ Alert | Missing result: Alert |
| tst-multi-character-sanitization.js:4:50:4:59 | // $ Alert | Missing result: Alert |
| tst-multi-character-sanitization.js:5:52:5:61 | // $ Alert | Missing result: Alert |
| tst-multi-character-sanitization.js:9:50:9:59 | // $ Alert | Missing result: Alert |
| tst-multi-character-sanitization.js:10:52:10:61 | // $ Alert | Missing result: Alert |
| tst-multi-character-sanitization.js:11:54:11:63 | // $ Alert | Missing result: Alert |
| tst-multi-character-sanitization.js:19:38:19:47 | // $ Alert | Missing result: Alert |
| tst-multi-character-sanitization.js:25:43:25:52 | // $ Alert | Missing result: Alert |
| tst-multi-character-sanitization.js:49:46:49:55 | // $ Alert | Missing result: Alert |
| tst-multi-character-sanitization.js:64:76:64:85 | // $ Alert | Missing result: Alert |
| tst-multi-character-sanitization.js:66:59:66:68 | // $ Alert | Missing result: Alert |
| tst-multi-character-sanitization.js:75:40:75:49 | // $ Alert | Missing result: Alert |
| tst-multi-character-sanitization.js:76:38:76:47 | // $ Alert | Missing result: Alert |
| tst-multi-character-sanitization.js:77:39:77:64 | // $ Al ... ributes | Missing result: Alert |
| tst-multi-character-sanitization.js:81:61:81:80 | // $ SPURIOUS: Alert | Fixed spurious result: Alert |
| tst-multi-character-sanitization.js:83:66:83:75 | // $ Alert | Missing result: Alert |
| tst-multi-character-sanitization.js:85:51:85:79 | // $ Al ... ../../" | Missing result: Alert |
| tst-multi-character-sanitization.js:87:50:87:59 | // $ Alert | Missing result: Alert |
| tst-multi-character-sanitization.js:91:81:91:90 | // $ Alert | Missing result: Alert |
| tst-multi-character-sanitization.js:100:33:100:42 | // $ Alert | Missing result: Alert |
| tst-multi-character-sanitization.js:101:33:101:42 | // $ Alert | Missing result: Alert |
| tst-multi-character-sanitization.js:103:61:103:70 | // $ Alert | Missing result: Alert |
| tst-multi-character-sanitization.js:105:67:105:76 | // $ Alert | Missing result: Alert |
| tst-multi-character-sanitization.js:106:65:106:74 | // $ Alert | Missing result: Alert |
| tst-multi-character-sanitization.js:107:78:107:87 | // $ Alert | Missing result: Alert |
| tst-multi-character-sanitization.js:108:61:108:70 | // $ Alert | Missing result: Alert |
| tst-multi-character-sanitization.js:109:53:109:62 | // $ Alert | Missing result: Alert |
| tst-multi-character-sanitization.js:110:35:110:44 | // $ Alert | Missing result: Alert |
| tst-multi-character-sanitization.js:128:37:128:46 | // $ Alert | Missing result: Alert |
| tst-multi-character-sanitization.js:134:47:134:56 | // $ Alert | Missing result: Alert |
| tst-multi-character-sanitization.js:135:49:135:58 | // $ Alert | Missing result: Alert |
| tst-multi-character-sanitization.js:136:51:136:60 | // $ Alert | Missing result: Alert |
| tst-multi-character-sanitization.js:137:51:137:60 | // $ Alert | Missing result: Alert |
| tst-multi-character-sanitization.js:141:65:141:74 | // $ Alert | Missing result: Alert |
| tst-multi-character-sanitization.js:142:66:142:75 | // $ Alert | Missing result: Alert |
| tst-multi-character-sanitization.js:143:93:143:102 | // $ Alert | Missing result: Alert |
| tst-multi-character-sanitization.js:144:92:144:101 | // $ Alert | Missing result: Alert |
| tst-multi-character-sanitization.js:147:137:147:146 | // $ Alert | Missing result: Alert |
| tst-multi-character-sanitization.js:151:137:151:146 | // $ Alert | Missing result: Alert |
| tst.js:5:30:5:39 | // $ Alert | Missing result: Alert |
| tst.js:9:30:9:39 | // $ Alert | Missing result: Alert |
| tst.js:13:34:13:43 | // $ Alert | Missing result: Alert |
| tst.js:17:35:17:44 | // $ Alert | Missing result: Alert |
| tst.js:21:38:21:47 | // $ Alert | Missing result: Alert |
| tst.js:25:40:25:49 | // $ Alert | Missing result: Alert |
| tst.js:29:39:29:48 | // $ Alert | Missing result: Alert |
| tst.js:33:31:33:40 | // $ Alert | Missing result: Alert |
| tst.js:37:36:37:45 | // $ Alert | Missing result: Alert |
| tst.js:41:33:41:42 | // $ Alert | Missing result: Alert |
| tst.js:45:33:45:42 | // $ Alert | Missing result: Alert |
| tst.js:49:30:49:39 | // $ Alert | Missing result: Alert |
| tst.js:53:30:53:39 | // $ Alert | Missing result: Alert |
| tst.js:57:30:57:39 | // $ Alert | Missing result: Alert |
| tst.js:61:35:61:44 | // $ Alert | Missing result: Alert |
| tst.js:65:35:65:44 | // $ Alert | Missing result: Alert |
| tst.js:69:40:69:49 | // $ Alert | Missing result: Alert |
| tst.js:133:39:133:85 | // $ Al ... nitizer | Missing result: Alert |
| tst.js:135:45:135:54 | // $ Alert | Missing result: Alert |
| tst.js:136:45:136:54 | // $ Alert | Missing result: Alert |
| tst.js:140:39:140:121 | // $ Al ... ntended | Missing result: Alert |
| tst.js:148:37:148:46 | // $ Alert | Missing result: Alert |
| tst.js:149:37:149:46 | // $ Alert | Missing result: Alert |
| tst.js:193:34:193:43 | // $ Alert | Missing result: Alert |
| tst.js:202:33:202:42 | // $ Alert | Missing result: Alert |
| tst.js:206:27:206:36 | // $ Alert | Missing result: Alert |
| tst.js:207:29:207:38 | // $ Alert | Missing result: Alert |
| tst.js:208:29:208:38 | // $ Alert | Missing result: Alert |
| tst.js:209:43:209:52 | // $ Alert | Missing result: Alert |
| tst.js:210:61:210:70 | // $ Alert | Missing result: Alert |
| tst.js:211:61:211:70 | // $ Alert | Missing result: Alert |
| tst.js:212:61:212:70 | // $ Alert | Missing result: Alert |
| tst.js:215:28:215:37 | // $ Alert | Missing result: Alert |
| tst.js:274:12:274:94 | s().val ... g , '') | Unexpected result: Source |
| tst.js:283:25:283:98 | // $ Al ... d below | Missing result: Alert |
| tst.js:292:25:292:98 | // $ Al ... d below | Missing result: Alert |
| tst.js:309:10:318:3 | s().rep ... ;";\\n\\t}) | Unexpected result: Alert |
| tst.js:309:51:309:60 | // $ Alert | Missing result: Alert |
| tst.js:333:43:333:52 | // $ Alert | Missing result: Alert |
| tst.js:337:49:337:58 | // $ Alert | Missing result: Alert |
| tst.js:341:47:341:56 | // $ Alert | Missing result: Alert |
| tst.js:345:50:345:59 | // $ Alert | Missing result: Alert |
| tst.js:349:46:349:55 | // $ Alert | Missing result: Alert |
| tst.js:353:62:353:71 | // $ Alert | Missing result: Alert |
| tst.js:362:49:362:58 | // $ Alert | Missing result: Alert |
| tst.js:363:49:363:58 | // $ Alert | Missing result: Alert |
