#select
| tst.js:1:1:1:20 | while(c ... reak;\\n} | This loop executes at most once. |
| tst.js:11:3:11:29 | for (;  ... et;\\n  } | This loop executes at most once. |
testFailures
| tst.js:10:16:10:25 | // $ Alert | Missing result: Alert |
| tst.js:11:3:11:29 | This loop executes at most once. | Unexpected result: Alert |
