| wrap-async-in-thunk.js:5:25:5:137 | /* def= ... ed() */ | Node not found on this line (but there is one on line wrap-async-in-thunk.js:14). |
| wrap-async-in-thunk.js:5:25:5:137 | /* def= ... ed() */ | Node not found on this line (but there is one on line wrap-async-in-thunk.js:24). |
