#select
| tst.js:175:2:175:2 | u | This use of variable 'u' always evaluates to false. |
| tst.js:176:2:176:2 | u | This use of variable 'u' always evaluates to false. |
testFailures
| global-module-definition.js:10:30:10:39 | // $ Alert | Missing result: Alert |
| module-environment-detection.js:23:40:23:49 | // $ Alert | Missing result: Alert |
| regression.js:9:33:9:42 | // $ Alert | Missing result: Alert |
| regression.js:13:45:13:54 | // $ Alert | Missing result: Alert |
| tst.js:13:19:13:28 | // $ Alert | Missing result: Alert |
| tst.js:14:19:14:28 | // $ Alert | Missing result: Alert |
| tst.js:15:19:15:28 | // $ Alert | Missing result: Alert |
| tst.js:18:15:18:24 | // $ Alert | Missing result: Alert |
| tst.js:19:15:19:24 | // $ Alert | Missing result: Alert |
| tst.js:20:15:20:24 | // $ Alert | Missing result: Alert |
| tst.js:23:15:23:24 | // $ Alert | Missing result: Alert |
| tst.js:24:15:24:24 | // $ Alert | Missing result: Alert |
| tst.js:25:15:25:24 | // $ Alert | Missing result: Alert |
| tst.js:28:16:28:25 | // $ Alert | Missing result: Alert |
| tst.js:29:16:29:25 | // $ Alert | Missing result: Alert |
| tst.js:30:16:30:25 | // $ Alert | Missing result: Alert |
| tst.js:33:17:33:26 | // $ Alert | Missing result: Alert |
| tst.js:34:17:34:26 | // $ Alert | Missing result: Alert |
| tst.js:35:17:35:26 | // $ Alert | Missing result: Alert |
| tst.js:38:28:38:37 | // $ Alert | Missing result: Alert |
| tst.js:39:28:39:37 | // $ Alert | Missing result: Alert |
| tst.js:40:28:40:37 | // $ Alert | Missing result: Alert |
| tst.js:43:28:43:37 | // $ Alert | Missing result: Alert |
| tst.js:44:28:44:37 | // $ Alert | Missing result: Alert |
| tst.js:45:28:45:37 | // $ Alert | Missing result: Alert |
| tst.js:48:29:48:38 | // $ Alert | Missing result: Alert |
| tst.js:49:29:49:38 | // $ Alert | Missing result: Alert |
| tst.js:50:29:50:38 | // $ Alert | Missing result: Alert |
| tst.js:53:14:53:23 | // $ Alert | Missing result: Alert |
| tst.js:56:14:56:23 | // $ Alert | Missing result: Alert |
| tst.js:59:14:59:23 | // $ Alert | Missing result: Alert |
| tst.js:66:15:66:24 | // $ Alert | Missing result: Alert |
| tst.js:67:16:67:25 | // $ Alert | Missing result: Alert |
| tst.js:68:16:68:25 | // $ Alert | Missing result: Alert |
| tst.js:71:28:71:37 | // $ Alert | Missing result: Alert |
| tst.js:74:28:74:37 | // $ Alert | Missing result: Alert |
| tst.js:77:28:77:37 | // $ Alert | Missing result: Alert |
| tst.js:84:27:84:36 | // $ Alert | Missing result: Alert |
| tst.js:85:27:85:36 | // $ Alert | Missing result: Alert |
| tst.js:86:27:86:36 | // $ Alert | Missing result: Alert |
| tst.js:89:27:89:36 | // $ Alert | Missing result: Alert |
| tst.js:90:27:90:36 | // $ Alert | Missing result: Alert |
| tst.js:91:27:91:36 | // $ Alert | Missing result: Alert |
| tst.js:94:37:94:46 | // $ Alert | Missing result: Alert |
| tst.js:95:37:95:46 | // $ Alert | Missing result: Alert |
| tst.js:96:37:96:46 | // $ Alert | Missing result: Alert |
| tst.js:100:37:100:46 | // $ Alert | Missing result: Alert |
| tst.js:101:37:101:46 | // $ Alert | Missing result: Alert |
| tst.js:114:39:114:48 | // $ Alert | Missing result: Alert |
| tst.js:115:53:115:62 | // $ Alert | Missing result: Alert |
| tst.js:116:47:116:56 | // $ Alert | Missing result: Alert |
| tst.js:124:45:124:54 | // $ Alert | Missing result: Alert |
| tst.js:125:43:125:52 | // $ Alert | Missing result: Alert |
| tst.js:127:34:127:43 | // $ Alert | Missing result: Alert |
| tst.js:128:34:128:43 | // $ Alert | Missing result: Alert |
| tst.js:129:36:129:45 | // $ Alert | Missing result: Alert |
| tst.js:130:42:130:51 | // $ Alert | Missing result: Alert |
| tst.js:131:36:131:45 | // $ Alert | Missing result: Alert |
| tst.js:132:39:132:48 | // $ Alert | Missing result: Alert |
| tst.js:133:39:133:48 | // $ Alert | Missing result: Alert |
| tst.js:135:34:135:43 | // $ Alert | Missing result: Alert |
| tst.js:138:36:138:45 | // $ Alert | Missing result: Alert |
| tst.js:140:27:140:36 | // $ Alert | Missing result: Alert |
| tst.js:156:34:156:43 | // $ Alert | Missing result: Alert |
| tst.js:158:26:158:35 | // $ Alert | Missing result: Alert |
| tst.js:165:26:165:35 | // $ Alert | Missing result: Alert |
| tst.js:175:2:175:2 | This use of variable 'u' always evaluates to false. | Unexpected result: Alert |
| tst.js:176:2:176:2 | This use of variable 'u' always evaluates to false. | Unexpected result: Alert |
| tst.js:177:13:177:22 | // $ Alert | Missing result: Alert |
| tst.js:178:13:178:22 | // $ Alert | Missing result: Alert |
| tst2.js:4:39:4:48 | // $ Alert | Missing result: Alert |
