#select
| tst.js:5:2:5:12 | var a = 42; | This statement is unreachable. |
| tst.js:38:1:38:4 | f(); | This statement is unreachable. |
| tst.js:63:2:63:3 | y; | This statement is unreachable. |
testFailures
| tst.js:5:2:5:12 | This statement is unreachable. | Unexpected result: Alert |
| tst.js:38:1:38:4 | This statement is unreachable. | Unexpected result: Alert |
| tst.js:63:2:63:3 | This statement is unreachable. | Unexpected result: Alert |
