#select
| excessiveParameterList.js:4:1:4:48 | functio ... p8) {\\n} | Function func2 has too many parameters (8). |
testFailures
| excessiveParameterList.js:4:1:4:48 | Function func2 has too many parameters (8). | Unexpected result: Alert |
