#select
| FileAccessToHttp.js:5:11:10:1 | {\\n  hos ... ent }\\n} | FileAccessToHttp.js:4:15:4:47 | fs.read ... "utf8") | FileAccessToHttp.js:5:11:10:1 | {\\n  hos ... ent }\\n} | Outbound network request depends on $@. | FileAccessToHttp.js:4:15:4:47 | fs.read ... "utf8") | file data |
| bufferRead.js:32:21:32:28 | postData | bufferRead.js:12:22:12:43 | new Buf ... s.size) | bufferRead.js:32:21:32:28 | postData | Outbound network request depends on $@. | bufferRead.js:12:22:12:43 | new Buf ... s.size) | file data |
| readFileSync.js:25:18:25:18 | s | readFileSync.js:5:12:5:39 | fs.read ... t.txt") | readFileSync.js:25:18:25:18 | s | Outbound network request depends on $@. | readFileSync.js:5:12:5:39 | fs.read ... t.txt") | file data |
| readStreamRead.js:29:19:29:23 | chunk | readStreamRead.js:13:21:13:35 | readable.read() | readStreamRead.js:29:19:29:23 | chunk | Outbound network request depends on $@. | readStreamRead.js:13:21:13:35 | readable.read() | file data |
| request.js:8:11:8:20 | {jsonData} | request.js:28:52:28:55 | data | request.js:8:11:8:20 | {jsonData} | Outbound network request depends on $@. | request.js:28:52:28:55 | data | file data |
| request.js:16:11:23:3 | {\\n    u ... ody\\n  } | request.js:43:51:43:54 | data | request.js:16:11:23:3 | {\\n    u ... ody\\n  } | Outbound network request depends on $@. | request.js:43:51:43:54 | data | file data |
| sentAsHeaders.js:14:20:19:9 | {\\n      ...       } | sentAsHeaders.js:10:79:10:84 | buffer | sentAsHeaders.js:14:20:19:9 | {\\n      ...       } | Outbound network request depends on $@. | sentAsHeaders.js:10:79:10:84 | buffer | file data |
| sentAsHeaders.js:20:20:25:9 | {\\n      ...       } | sentAsHeaders.js:10:79:10:84 | buffer | sentAsHeaders.js:20:20:25:9 | {\\n      ...       } | Outbound network request depends on $@. | sentAsHeaders.js:10:79:10:84 | buffer | file data |
edges
| FileAccessToHttp.js:4:5:4:47 | content | FileAccessToHttp.js:9:23:9:29 | content | provenance |  |
| FileAccessToHttp.js:4:15:4:47 | fs.read ... "utf8") | FileAccessToHttp.js:4:5:4:47 | content | provenance |  |
| FileAccessToHttp.js:9:12:9:31 | { Referer: content } [Referer] | FileAccessToHttp.js:5:11:10:1 | {\\n  hos ... ent }\\n} | provenance |  |
| FileAccessToHttp.js:9:23:9:29 | content | FileAccessToHttp.js:9:12:9:31 | { Referer: content } [Referer] | provenance |  |
| bufferRead.js:12:13:12:43 | buffer | bufferRead.js:13:21:13:26 | buffer | provenance |  |
| bufferRead.js:12:13:12:43 | buffer | bufferRead.js:13:32:13:37 | buffer | provenance |  |
| bufferRead.js:12:22:12:43 | new Buf ... s.size) | bufferRead.js:12:13:12:43 | buffer | provenance |  |
| bufferRead.js:13:21:13:26 | buffer | bufferRead.js:13:32:13:37 | buffer | provenance |  |
| bufferRead.js:13:32:13:37 | buffer | bufferRead.js:15:26:15:31 | buffer | provenance |  |
| bufferRead.js:15:15:15:62 | postData | bufferRead.js:32:21:32:28 | postData | provenance |  |
| bufferRead.js:15:26:15:31 | buffer | bufferRead.js:15:26:15:62 | buffer. ... esRead) | provenance |  |
| bufferRead.js:15:26:15:62 | buffer. ... esRead) | bufferRead.js:15:15:15:62 | postData | provenance |  |
| readFileSync.js:5:5:5:39 | data | readFileSync.js:7:11:7:14 | data | provenance |  |
| readFileSync.js:5:12:5:39 | fs.read ... t.txt") | readFileSync.js:5:5:5:39 | data | provenance |  |
| readFileSync.js:7:7:7:25 | s | readFileSync.js:25:18:25:18 | s | provenance |  |
| readFileSync.js:7:11:7:14 | data | readFileSync.js:7:11:7:25 | data.toString() | provenance |  |
| readFileSync.js:7:11:7:25 | data.toString() | readFileSync.js:7:7:7:25 | s | provenance |  |
| readStreamRead.js:13:13:13:35 | chunk | readStreamRead.js:29:19:29:23 | chunk | provenance |  |
| readStreamRead.js:13:21:13:35 | readable.read() | readStreamRead.js:13:13:13:35 | chunk | provenance |  |
| request.js:6:19:6:26 | jsonData | request.js:8:12:8:19 | jsonData | provenance |  |
| request.js:8:12:8:19 | jsonData | request.js:8:11:8:20 | {jsonData} | provenance |  |
| request.js:13:18:13:24 | xmlData | request.js:22:11:22:17 | xmlData | provenance |  |
| request.js:22:11:22:17 | xmlData | request.js:16:11:23:3 | {\\n    u ... ody\\n  } | provenance |  |
| request.js:28:52:28:55 | data | request.js:35:14:35:17 | data | provenance |  |
| request.js:35:14:35:17 | data | request.js:6:19:6:26 | jsonData | provenance |  |
| request.js:43:51:43:54 | data | request.js:50:13:50:16 | data | provenance |  |
| request.js:50:13:50:16 | data | request.js:13:18:13:24 | xmlData | provenance |  |
| sentAsHeaders.js:10:79:10:84 | buffer | sentAsHeaders.js:11:23:11:28 | buffer | provenance |  |
| sentAsHeaders.js:11:13:11:59 | content | sentAsHeaders.js:12:19:12:25 | content | provenance |  |
| sentAsHeaders.js:11:23:11:28 | buffer | sentAsHeaders.js:11:23:11:59 | buffer. ... esRead) | provenance |  |
| sentAsHeaders.js:11:23:11:59 | buffer. ... esRead) | sentAsHeaders.js:11:13:11:59 | content | provenance |  |
| sentAsHeaders.js:12:9:12:81 | content | sentAsHeaders.js:18:47:18:53 | content | provenance |  |
| sentAsHeaders.js:12:9:12:81 | content | sentAsHeaders.js:24:47:24:53 | content | provenance |  |
| sentAsHeaders.js:12:19:12:25 | content | sentAsHeaders.js:12:19:12:74 | content ... =", "") | provenance |  |
| sentAsHeaders.js:12:19:12:74 | content ... =", "") | sentAsHeaders.js:12:19:12:81 | content ... .trim() | provenance |  |
| sentAsHeaders.js:12:19:12:81 | content ... .trim() | sentAsHeaders.js:12:9:12:81 | content | provenance |  |
| sentAsHeaders.js:18:20:18:55 | { Refer ... ntent } [Referer] | sentAsHeaders.js:14:20:19:9 | {\\n      ...       } | provenance |  |
| sentAsHeaders.js:18:31:18:53 | "http:/ ... content | sentAsHeaders.js:18:20:18:55 | { Refer ... ntent } [Referer] | provenance |  |
| sentAsHeaders.js:18:47:18:53 | content | sentAsHeaders.js:18:31:18:53 | "http:/ ... content | provenance |  |
| sentAsHeaders.js:24:20:24:55 | { Refer ... ntent } [Referer] | sentAsHeaders.js:20:20:25:9 | {\\n      ...       } | provenance |  |
| sentAsHeaders.js:24:31:24:53 | "http:/ ... content | sentAsHeaders.js:24:20:24:55 | { Refer ... ntent } [Referer] | provenance |  |
| sentAsHeaders.js:24:47:24:53 | content | sentAsHeaders.js:24:31:24:53 | "http:/ ... content | provenance |  |
nodes
| FileAccessToHttp.js:4:5:4:47 | content | semmle.label | content |
| FileAccessToHttp.js:4:15:4:47 | fs.read ... "utf8") | semmle.label | fs.read ... "utf8") |
| FileAccessToHttp.js:5:11:10:1 | {\\n  hos ... ent }\\n} | semmle.label | {\\n  hos ... ent }\\n} |
| FileAccessToHttp.js:9:12:9:31 | { Referer: content } [Referer] | semmle.label | { Referer: content } [Referer] |
| FileAccessToHttp.js:9:23:9:29 | content | semmle.label | content |
| bufferRead.js:12:13:12:43 | buffer | semmle.label | buffer |
| bufferRead.js:12:22:12:43 | new Buf ... s.size) | semmle.label | new Buf ... s.size) |
| bufferRead.js:13:21:13:26 | buffer | semmle.label | buffer |
| bufferRead.js:13:32:13:37 | buffer | semmle.label | buffer |
| bufferRead.js:15:15:15:62 | postData | semmle.label | postData |
| bufferRead.js:15:26:15:31 | buffer | semmle.label | buffer |
| bufferRead.js:15:26:15:62 | buffer. ... esRead) | semmle.label | buffer. ... esRead) |
| bufferRead.js:32:21:32:28 | postData | semmle.label | postData |
| readFileSync.js:5:5:5:39 | data | semmle.label | data |
| readFileSync.js:5:12:5:39 | fs.read ... t.txt") | semmle.label | fs.read ... t.txt") |
| readFileSync.js:7:7:7:25 | s | semmle.label | s |
| readFileSync.js:7:11:7:14 | data | semmle.label | data |
| readFileSync.js:7:11:7:25 | data.toString() | semmle.label | data.toString() |
| readFileSync.js:25:18:25:18 | s | semmle.label | s |
| readStreamRead.js:13:13:13:35 | chunk | semmle.label | chunk |
| readStreamRead.js:13:21:13:35 | readable.read() | semmle.label | readable.read() |
| readStreamRead.js:29:19:29:23 | chunk | semmle.label | chunk |
| request.js:6:19:6:26 | jsonData | semmle.label | jsonData |
| request.js:8:11:8:20 | {jsonData} | semmle.label | {jsonData} |
| request.js:8:12:8:19 | jsonData | semmle.label | jsonData |
| request.js:13:18:13:24 | xmlData | semmle.label | xmlData |
| request.js:16:11:23:3 | {\\n    u ... ody\\n  } | semmle.label | {\\n    u ... ody\\n  } |
| request.js:22:11:22:17 | xmlData | semmle.label | xmlData |
| request.js:28:52:28:55 | data | semmle.label | data |
| request.js:35:14:35:17 | data | semmle.label | data |
| request.js:43:51:43:54 | data | semmle.label | data |
| request.js:50:13:50:16 | data | semmle.label | data |
| sentAsHeaders.js:10:79:10:84 | buffer | semmle.label | buffer |
| sentAsHeaders.js:11:13:11:59 | content | semmle.label | content |
| sentAsHeaders.js:11:23:11:28 | buffer | semmle.label | buffer |
| sentAsHeaders.js:11:23:11:59 | buffer. ... esRead) | semmle.label | buffer. ... esRead) |
| sentAsHeaders.js:12:9:12:81 | content | semmle.label | content |
| sentAsHeaders.js:12:19:12:25 | content | semmle.label | content |
| sentAsHeaders.js:12:19:12:74 | content ... =", "") | semmle.label | content ... =", "") |
| sentAsHeaders.js:12:19:12:81 | content ... .trim() | semmle.label | content ... .trim() |
| sentAsHeaders.js:14:20:19:9 | {\\n      ...       } | semmle.label | {\\n      ...       } |
| sentAsHeaders.js:18:20:18:55 | { Refer ... ntent } [Referer] | semmle.label | { Refer ... ntent } [Referer] |
| sentAsHeaders.js:18:31:18:53 | "http:/ ... content | semmle.label | "http:/ ... content |
| sentAsHeaders.js:18:47:18:53 | content | semmle.label | content |
| sentAsHeaders.js:20:20:25:9 | {\\n      ...       } | semmle.label | {\\n      ...       } |
| sentAsHeaders.js:24:20:24:55 | { Refer ... ntent } [Referer] | semmle.label | { Refer ... ntent } [Referer] |
| sentAsHeaders.js:24:31:24:53 | "http:/ ... content | semmle.label | "http:/ ... content |
| sentAsHeaders.js:24:47:24:53 | content | semmle.label | content |
subpaths
testFailures
| FileAccessToHttp.js:4:15:4:47 | fs.read ... "utf8") | Unexpected result: Source |
| FileAccessToHttp.js:5:11:10:1 | {\\n  hos ... ent }\\n} | Unexpected result: Alert |
| bufferRead.js:12:22:12:43 | new Buf ... s.size) | Unexpected result: Source |
| googlecompiler.js:14:32:14:91 | // $ Al ... on body | Missing result: Alert |
| googlecompiler.js:37:30:37:81 | // $ Al ... st body | Missing result: Alert |
| lib/tst.js:7:48:7:57 | // $ Alert | Missing result: Alert |
| lib/tst.js:9:46:9:55 | // $ Alert | Missing result: Alert |
| lib/tst.js:11:55:11:64 | // $ Alert | Missing result: Alert |
| private-file-exposure.js:40:91:40:100 | // $ Alert | Missing result: Alert |
| private-file-exposure.js:41:100:41:109 | // $ Alert | Missing result: Alert |
| private-file-exposure.js:42:69:42:78 | // $ Alert | Missing result: Alert |
| private-file-exposure.js:43:49:43:58 | // $ Alert | Missing result: Alert |
| private-file-exposure.js:51:91:51:100 | // $ Alert | Missing result: Alert |
| private-file-exposure.js:64:36:64:45 | // $ Alert | Missing result: Alert |
| private-file-exposure.js:70:74:70:83 | // $ Alert | Missing result: Alert |
| readFileSync.js:5:12:5:39 | fs.read ... t.txt") | Unexpected result: Source |
| readStreamRead.js:13:21:13:35 | readable.read() | Unexpected result: Source |
| request.js:16:11:23:3 | {\\n    u ... ody\\n  } | Unexpected result: Alert |
| request.js:22:22:22:76 | // $ Al ... st body | Missing result: Alert |
| request.js:28:52:28:55 | data | Unexpected result: Source |
| request.js:43:51:43:54 | data | Unexpected result: Source |
| sentAsHeaders.js:10:79:10:84 | buffer | Unexpected result: Source |
| sentAsHeaders.js:14:20:19:9 | {\\n      ...       } | Unexpected result: Alert |
| sentAsHeaders.js:18:57:18:102 | // $ Al ...  header | Missing result: Alert |
| sentAsHeaders.js:20:20:25:9 | {\\n      ...       } | Unexpected result: Alert |
| sentAsHeaders.js:24:57:24:102 | // $ Al ...  header | Missing result: Alert |
