| Multiple children | 0 |
| Multiple locations | 0 |
| Multiple parents | 0 |
| Multiple path resolutions | 0 |
| Multiple positions | 0 |
| Multiple primary QL classes | 0 |
| Multiple record fields | 0 |
| Multiple static call targets | 0 |
| Multiple toStrings | 0 |
| Multiple tuple fields | 0 |
| No location | 0 |
