| gen_macro_pat.rs:8:9:8:19 | MacroPat | gen_macro_pat.rs:8:9:8:19 | my_macro!... |
