#select
| tst2.ts:24:21:24:25 | p: 42 | Unused property p. |
| tst.js:4:9:4:19 | unused1: 42 | Unused property unused1. |
| tst.js:19:5:19:15 | unused9: 42 | Unused property unused9. |
| tst.js:26:13:26:24 | unused11: 42 | Unused property unused11. |
| tst.js:31:13:31:35 | used12_ ... lly: 42 | Unused property used12_butNotReally. |
| tst.js:32:13:32:24 | unused12: 42 | Unused property unused12. |
| tst.js:52:3:52:14 | unused14: 42 | Unused property unused14. |
| tst.js:54:2:54:20 | captured14.unused14 | Unused property unused14. |
| tst.js:55:2:55:20 | captured14.unused14 | Unused property unused14. |
testFailures
| tst.js:4:9:4:19 | Unused property unused1. | Unexpected result: Alert |
| tst.js:19:5:19:15 | Unused property unused9. | Unexpected result: Alert |
| tst.js:26:13:26:24 | Unused property unused11. | Unexpected result: Alert |
| tst.js:31:13:31:35 | Unused property used12_butNotReally. | Unexpected result: Alert |
| tst.js:32:13:32:24 | Unused property unused12. | Unexpected result: Alert |
| tst.js:52:3:52:14 | Unused property unused14. | Unexpected result: Alert |
| tst.js:54:2:54:20 | Unused property unused14. | Unexpected result: Alert |
| tst.js:55:2:55:20 | Unused property unused14. | Unexpected result: Alert |
| tst2.ts:24:21:24:25 | Unused property p. | Unexpected result: Alert |
