| HashedButNoHash.cs:9:15:9:18 | this access | This expression is hashed, but type 'Test' only defines Equals(...) not GetHashCode(). |
| HashedButNoHash.cs:12:15:12:18 | this access | This expression is hashed, but type 'Test' only defines Equals(...) not GetHashCode(). |
