| gen_visibility.rs:7:5:7:7 | Visibility | hasPath: | no |
