#select
| tst.js:2:13:2:23 | for(i in a) | For-in comprehension blocks are a non-standard language feature. |
testFailures
| tst.js:2:13:2:23 | For-in comprehension blocks are a non-standard language feature. | Unexpected result: Alert |
