#select
| tst.html:9:66:9:78 | return false; | Return statement outside function. |
| tst.js:1:1:1:10 | return 42; | Return statement outside function. |
testFailures
| tst.html:9:66:9:78 | Return statement outside function. | Unexpected result: Alert |
