| attr_macro_expansion.rs:1:1:2:11 | fn foo | attr_macro_expansion.rs:2:4:2:6 | Static |
| attr_macro_expansion.rs:1:1:2:11 | fn foo | attr_macro_expansion.rs:2:4:2:10 | fn foo |
