{
  "attributes": {
    "steps": [
      {
        "extract": "<test-root-directory>/src/directory_module/mod.rs",
        "ms": "__REDACTED__"
      },
      {
        "extract": "<test-root-directory>/src/directory_module/nested_module.rs",
        "ms": "__REDACTED__"
      },
      {
        "extract": "<test-root-directory>/src/directory_module/not_loaded.rs",
        "ms": "__REDACTED__"
      },
      {
        "extract": "<test-root-directory>/src/file_module.rs",
        "ms": "__REDACTED__"
      },
      {
        "extract": "<test-root-directory>/src/main.rs",
        "ms": "__REDACTED__"
      },
      {
        "fetchFile": "<test-root-directory>/src/directory_module/mod.rs",
        "ms": "__REDACTED__"
      },
      {
        "fetchFile": "<test-root-directory>/src/directory_module/nested_module.rs",
        "ms": "__REDACTED__"
      },
      {
        "fetchFile": "<test-root-directory>/src/file_module.rs",
        "ms": "__REDACTED__"
      },
      {
        "fetchFile": "<test-root-directory>/src/main.rs",
        "ms": "__REDACTED__"
      },
      {
        "loadManifest": "<test-root-directory>/<manifest-file>",
        "ms": "__REDACTED__"
      },
      {
        "ms": "__REDACTED__",
        "parse": "<test-root-directory>/src/directory_module/mod.rs"
      },
      {
        "ms": "__REDACTED__",
        "parse": "<test-root-directory>/src/directory_module/nested_module.rs"
      },
      {
        "ms": "__REDACTED__",
        "parse": "<test-root-directory>/src/directory_module/not_loaded.rs"
      },
      {
        "ms": "__REDACTED__",
        "parse": "<test-root-directory>/src/file_module.rs"
      },
      {
        "ms": "__REDACTED__",
        "parse": "<test-root-directory>/src/main.rs"
      }
    ],
    "summary": {
      "numberOfFiles": 4,
      "numberOfManifests": 1,
      "totalDuration": {
        "ms": "__REDACTED__",
        "pretty": "__REDACTED__"
      },
      "totalExtractDuration": {
        "ms": "__REDACTED__",
        "pretty": "__REDACTED__"
      },
      "totalFetchFileDuration": {
        "ms": "__REDACTED__",
        "pretty": "__REDACTED__"
      },
      "totalLoadDuration": {
        "ms": "__REDACTED__",
        "pretty": "__REDACTED__"
      },
      "totalParseDuration": {
        "ms": "__REDACTED__",
        "pretty": "__REDACTED__"
      }
    }
  },
  "severity": "note",
  "source": {
    "extractorName": "rust",
    "id": "rust/extractor/telemetry",
    "name": "telemetry"
  },
  "visibility": {
    "cliSummaryTable": false,
    "statusPage": false,
    "telemetry": true
  }
}
