unexpectedModel
| Unexpected summary found: Models;ParameterModifiers;false;Copy;(System.Object,System.Object);;Argument[0];ReturnValue;taint;df-generated |
| Unexpected summary found: Models;ParameterModifiers;false;CopyToRef;(System.Object,System.Object);;Argument[0];ReturnValue;taint;df-generated |
| Unexpected summary found: Models;ParameterModifiers;false;RefParamFlowToSelf;(System.Object,System.Boolean);;Argument[0];ReturnValue;taint;df-generated |
| Unexpected summary found: Models;ParameterModifiers;false;RefParamUse;(System.Object);;Argument[0];ReturnValue;taint;df-generated |
expectedModel
| Expected summary missing: Models;ParameterModifiers;false;Copy;(System.Object,System.Object);;Argument[0];Argument[1];taint;df-generated |
| Expected summary missing: Models;ParameterModifiers;false;CopyToRef;(System.Object,System.Object);;Argument[0];Argument[1];taint;df-generated |
