| AnnotationTest.java:13:16:13:20 | Test2 | This JUnit 5 inner test class lacks a '@Nested' annotation. |
