| gen_macro_type_repr.rs:7:14:7:26 | MacroTypeRepr | hasMacroCall: | yes |
