#select
| HTMLTemplateEscapingPassthrough.go:30:39:30:39 | a | HTMLTemplateEscapingPassthrough.go:29:26:29:40 | call to UserAgent | HTMLTemplateEscapingPassthrough.go:30:39:30:39 | a | Data from an $@ will not be auto-escaped because it was converted to template.HTML | HTMLTemplateEscapingPassthrough.go:29:26:29:40 | call to UserAgent | untrusted source |
| HTMLTemplateEscapingPassthrough.go:36:40:36:40 | a | HTMLTemplateEscapingPassthrough.go:35:23:35:37 | call to UserAgent | HTMLTemplateEscapingPassthrough.go:36:40:36:40 | a | Data from an $@ will not be auto-escaped because it was converted to template.HTML | HTMLTemplateEscapingPassthrough.go:35:23:35:37 | call to UserAgent | untrusted source |
| HTMLTemplateEscapingPassthrough.go:41:40:41:40 | a | HTMLTemplateEscapingPassthrough.go:40:19:40:33 | call to UserAgent | HTMLTemplateEscapingPassthrough.go:41:40:41:40 | a | Data from an $@ will not be auto-escaped because it was converted to template.HTML | HTMLTemplateEscapingPassthrough.go:40:19:40:33 | call to UserAgent | untrusted source |
| HTMLTemplateEscapingPassthrough.go:47:41:47:41 | c | HTMLTemplateEscapingPassthrough.go:46:29:46:43 | call to UserAgent | HTMLTemplateEscapingPassthrough.go:47:41:47:41 | c | Data from an $@ will not be auto-escaped because it was converted to template.HTMLAttr | HTMLTemplateEscapingPassthrough.go:46:29:46:43 | call to UserAgent | untrusted source |
| HTMLTemplateEscapingPassthrough.go:51:44:51:44 | d | HTMLTemplateEscapingPassthrough.go:50:23:50:37 | call to UserAgent | HTMLTemplateEscapingPassthrough.go:51:44:51:44 | d | Data from an $@ will not be auto-escaped because it was converted to template.JS | HTMLTemplateEscapingPassthrough.go:50:23:50:37 | call to UserAgent | untrusted source |
| HTMLTemplateEscapingPassthrough.go:55:44:55:44 | e | HTMLTemplateEscapingPassthrough.go:54:26:54:40 | call to UserAgent | HTMLTemplateEscapingPassthrough.go:55:44:55:44 | e | Data from an $@ will not be auto-escaped because it was converted to template.JSStr | HTMLTemplateEscapingPassthrough.go:54:26:54:40 | call to UserAgent | untrusted source |
| HTMLTemplateEscapingPassthrough.go:59:38:59:38 | b | HTMLTemplateEscapingPassthrough.go:58:24:58:38 | call to UserAgent | HTMLTemplateEscapingPassthrough.go:59:38:59:38 | b | Data from an $@ will not be auto-escaped because it was converted to template.CSS | HTMLTemplateEscapingPassthrough.go:58:24:58:38 | call to UserAgent | untrusted source |
| HTMLTemplateEscapingPassthrough.go:63:44:63:44 | f | HTMLTemplateEscapingPassthrough.go:62:27:62:41 | call to UserAgent | HTMLTemplateEscapingPassthrough.go:63:44:63:44 | f | Data from an $@ will not be auto-escaped because it was converted to template.Srcset | HTMLTemplateEscapingPassthrough.go:62:27:62:41 | call to UserAgent | untrusted source |
| HTMLTemplateEscapingPassthrough.go:67:38:67:38 | g | HTMLTemplateEscapingPassthrough.go:66:24:66:38 | call to UserAgent | HTMLTemplateEscapingPassthrough.go:67:38:67:38 | g | Data from an $@ will not be auto-escaped because it was converted to template.URL | HTMLTemplateEscapingPassthrough.go:66:24:66:38 | call to UserAgent | untrusted source |
edges
| HTMLTemplateEscapingPassthrough.go:29:12:29:41 | type conversion | HTMLTemplateEscapingPassthrough.go:30:39:30:39 | a | provenance |  |
| HTMLTemplateEscapingPassthrough.go:29:26:29:40 | call to UserAgent | HTMLTemplateEscapingPassthrough.go:29:12:29:41 | type conversion | provenance | Src:MaD:1 Config |
| HTMLTemplateEscapingPassthrough.go:35:9:35:38 | type conversion | HTMLTemplateEscapingPassthrough.go:36:40:36:40 | a | provenance |  |
| HTMLTemplateEscapingPassthrough.go:35:23:35:37 | call to UserAgent | HTMLTemplateEscapingPassthrough.go:35:9:35:38 | type conversion | provenance | Src:MaD:1 Config |
| HTMLTemplateEscapingPassthrough.go:40:9:40:34 | type conversion | HTMLTemplateEscapingPassthrough.go:41:40:41:40 | a | provenance |  |
| HTMLTemplateEscapingPassthrough.go:40:19:40:33 | call to UserAgent | HTMLTemplateEscapingPassthrough.go:40:9:40:34 | type conversion | provenance | Src:MaD:1 Config |
| HTMLTemplateEscapingPassthrough.go:46:11:46:44 | type conversion | HTMLTemplateEscapingPassthrough.go:47:41:47:41 | c | provenance |  |
| HTMLTemplateEscapingPassthrough.go:46:29:46:43 | call to UserAgent | HTMLTemplateEscapingPassthrough.go:46:11:46:44 | type conversion | provenance | Src:MaD:1 Config |
| HTMLTemplateEscapingPassthrough.go:50:11:50:38 | type conversion | HTMLTemplateEscapingPassthrough.go:51:44:51:44 | d | provenance |  |
| HTMLTemplateEscapingPassthrough.go:50:23:50:37 | call to UserAgent | HTMLTemplateEscapingPassthrough.go:50:11:50:38 | type conversion | provenance | Src:MaD:1 Config |
| HTMLTemplateEscapingPassthrough.go:54:11:54:41 | type conversion | HTMLTemplateEscapingPassthrough.go:55:44:55:44 | e | provenance |  |
| HTMLTemplateEscapingPassthrough.go:54:26:54:40 | call to UserAgent | HTMLTemplateEscapingPassthrough.go:54:11:54:41 | type conversion | provenance | Src:MaD:1 Config |
| HTMLTemplateEscapingPassthrough.go:58:11:58:39 | type conversion | HTMLTemplateEscapingPassthrough.go:59:38:59:38 | b | provenance |  |
| HTMLTemplateEscapingPassthrough.go:58:24:58:38 | call to UserAgent | HTMLTemplateEscapingPassthrough.go:58:11:58:39 | type conversion | provenance | Src:MaD:1 Config |
| HTMLTemplateEscapingPassthrough.go:62:11:62:42 | type conversion | HTMLTemplateEscapingPassthrough.go:63:44:63:44 | f | provenance |  |
| HTMLTemplateEscapingPassthrough.go:62:27:62:41 | call to UserAgent | HTMLTemplateEscapingPassthrough.go:62:11:62:42 | type conversion | provenance | Src:MaD:1 Config |
| HTMLTemplateEscapingPassthrough.go:66:11:66:39 | type conversion | HTMLTemplateEscapingPassthrough.go:67:38:67:38 | g | provenance |  |
| HTMLTemplateEscapingPassthrough.go:66:24:66:38 | call to UserAgent | HTMLTemplateEscapingPassthrough.go:66:11:66:39 | type conversion | provenance | Src:MaD:1 Config |
models
| 1 | Source: net/http; Request; true; UserAgent; ; ; ReturnValue; remote; manual |
nodes
| HTMLTemplateEscapingPassthrough.go:29:12:29:41 | type conversion | semmle.label | type conversion |
| HTMLTemplateEscapingPassthrough.go:29:26:29:40 | call to UserAgent | semmle.label | call to UserAgent |
| HTMLTemplateEscapingPassthrough.go:30:39:30:39 | a | semmle.label | a |
| HTMLTemplateEscapingPassthrough.go:35:9:35:38 | type conversion | semmle.label | type conversion |
| HTMLTemplateEscapingPassthrough.go:35:23:35:37 | call to UserAgent | semmle.label | call to UserAgent |
| HTMLTemplateEscapingPassthrough.go:36:40:36:40 | a | semmle.label | a |
| HTMLTemplateEscapingPassthrough.go:40:9:40:34 | type conversion | semmle.label | type conversion |
| HTMLTemplateEscapingPassthrough.go:40:19:40:33 | call to UserAgent | semmle.label | call to UserAgent |
| HTMLTemplateEscapingPassthrough.go:41:40:41:40 | a | semmle.label | a |
| HTMLTemplateEscapingPassthrough.go:46:11:46:44 | type conversion | semmle.label | type conversion |
| HTMLTemplateEscapingPassthrough.go:46:29:46:43 | call to UserAgent | semmle.label | call to UserAgent |
| HTMLTemplateEscapingPassthrough.go:47:41:47:41 | c | semmle.label | c |
| HTMLTemplateEscapingPassthrough.go:50:11:50:38 | type conversion | semmle.label | type conversion |
| HTMLTemplateEscapingPassthrough.go:50:23:50:37 | call to UserAgent | semmle.label | call to UserAgent |
| HTMLTemplateEscapingPassthrough.go:51:44:51:44 | d | semmle.label | d |
| HTMLTemplateEscapingPassthrough.go:54:11:54:41 | type conversion | semmle.label | type conversion |
| HTMLTemplateEscapingPassthrough.go:54:26:54:40 | call to UserAgent | semmle.label | call to UserAgent |
| HTMLTemplateEscapingPassthrough.go:55:44:55:44 | e | semmle.label | e |
| HTMLTemplateEscapingPassthrough.go:58:11:58:39 | type conversion | semmle.label | type conversion |
| HTMLTemplateEscapingPassthrough.go:58:24:58:38 | call to UserAgent | semmle.label | call to UserAgent |
| HTMLTemplateEscapingPassthrough.go:59:38:59:38 | b | semmle.label | b |
| HTMLTemplateEscapingPassthrough.go:62:11:62:42 | type conversion | semmle.label | type conversion |
| HTMLTemplateEscapingPassthrough.go:62:27:62:41 | call to UserAgent | semmle.label | call to UserAgent |
| HTMLTemplateEscapingPassthrough.go:63:44:63:44 | f | semmle.label | f |
| HTMLTemplateEscapingPassthrough.go:66:11:66:39 | type conversion | semmle.label | type conversion |
| HTMLTemplateEscapingPassthrough.go:66:24:66:38 | call to UserAgent | semmle.label | call to UserAgent |
| HTMLTemplateEscapingPassthrough.go:67:38:67:38 | g | semmle.label | g |
subpaths
