#select
| tst.js:4:11:4:13 | [1, , 2] | Avoid omitted array elements. |
| tst.js:6:14:6:16 | [1, 2, ,] | Avoid omitted array elements. |
| tst.js:7:9:7:10 | [,1] | Avoid omitted array elements. |
testFailures
| tst.js:4:21:4:30 | // $ Alert | Missing result: Alert |
| tst.js:6:21:6:30 | // $ Alert | Missing result: Alert |
| tst.js:7:21:7:30 | // $ Alert | Missing result: Alert |
